2025-11-03 09:47:24 | Monitoring 4 URLS every 60 seconds...
2025-11-03 09:47:38 | Monitoring 4 URLS every 60 seconds...
2025-11-03 09:48:38 | https://x.com is UP - 0.56s
2025-11-03 09:48:39 | https://facebook.com is UP - 0.92s
2025-11-03 09:48:40 | https://github.com is UP - 0.56s
2025-11-03 09:48:40 | https://voltrack-nu.vercel.app/ is UP - 0.67s
2025-11-03 09:49:41 | https://x.com is UP - 0.52s
2025-11-03 09:49:42 | https://facebook.com is UP - 0.88s
2025-11-03 09:49:42 | https://github.com is UP - 0.55s
2025-11-03 09:49:43 | https://voltrack-nu.vercel.app/ is UP - 0.49s
2025-11-03 09:50:43 | https://x.com is UP - 0.5s
2025-11-03 09:50:44 | https://facebook.com is UP - 0.88s
2025-11-03 09:50:45 | https://github.com is UP - 0.54s
2025-11-03 09:50:45 | https://voltrack-nu.vercel.app/ is UP - 0.4s
2025-11-03 09:51:47 | https://x.com is UP - 1.32s
2025-11-03 09:51:49 | https://facebook.com is UP - 2.02s
2025-11-03 09:51:50 | https://github.com is UP - 1.08s
2025-11-03 09:51:51 | https://voltrack-nu.vercel.app/ is UP - 1.0s
2025-11-03 09:52:51 | https://x.com is UP - 0.49s
2025-11-03 09:52:52 | https://facebook.com is UP - 0.91s
2025-11-03 09:52:53 | https://github.com is UP - 0.55s
2025-11-03 09:52:53 | https://voltrack-nu.vercel.app/ is UP - 0.4s
2025-11-03 09:53:54 | https://x.com is UP - 0.48s
2025-11-03 09:53:55 | https://facebook.com is UP - 0.89s
2025-11-03 09:53:55 | https://github.com is UP - 0.56s
2025-11-03 09:53:56 | https://voltrack-nu.vercel.app/ is UP - 0.41s
